
         /\      Grafana   /‾‾/  
    /\  /  \     |\  __   /  /   
   /  \/    \    | |/ /  /   ‾‾\ 
  /          \   |   (  |  (‾)  |
 / __________ \  |_|\_\  \_____/ 

     execution: local
        script: k6/c2-inscriptions.js
        output: json (results/s1/c2/run2_20260215_194155.json)

     scenarios: (100.00%) 1 scenario, 200 max VUs, 2m30s max duration (incl. graceful stop):
              * inscription_peak: Up to 200 looping VUs for 2m0s over 3 stages (gracefulRampDown: 30s, gracefulStop: 30s)


running (0m01.0s), 006/200 VUs, 2 complete and 0 interrupted iterations
inscription_peak   [   1% ] 006/200 VUs  0m01.0s/2m00.0s

running (0m02.0s), 013/200 VUs, 17 complete and 0 interrupted iterations
inscription_peak   [   2% ] 013/200 VUs  0m02.0s/2m00.0s

running (0m03.0s), 019/200 VUs, 45 complete and 0 interrupted iterations
inscription_peak   [   2% ] 019/200 VUs  0m03.0s/2m00.0s

running (0m04.0s), 026/200 VUs, 85 complete and 0 interrupted iterations
inscription_peak   [   3% ] 026/200 VUs  0m04.0s/2m00.0s

running (0m05.0s), 033/200 VUs, 139 complete and 0 interrupted iterations
inscription_peak   [   4% ] 033/200 VUs  0m05.0s/2m00.0s

running (0m06.0s), 039/200 VUs, 205 complete and 0 interrupted iterations
inscription_peak   [   5% ] 039/200 VUs  0m06.0s/2m00.0s

running (0m07.0s), 046/200 VUs, 283 complete and 0 interrupted iterations
inscription_peak   [   6% ] 046/200 VUs  0m07.0s/2m00.0s

running (0m08.0s), 053/200 VUs, 330 complete and 0 interrupted iterations
inscription_peak   [   7% ] 053/200 VUs  0m08.0s/2m00.0s

running (0m09.0s), 059/200 VUs, 332 complete and 0 interrupted iterations
inscription_peak   [   7% ] 059/200 VUs  0m09.0s/2m00.0s

running (0m10.0s), 066/200 VUs, 372 complete and 0 interrupted iterations
inscription_peak   [   8% ] 066/200 VUs  0m10.0s/2m00.0s

running (0m11.0s), 073/200 VUs, 419 complete and 0 interrupted iterations
inscription_peak   [   9% ] 073/200 VUs  0m11.0s/2m00.0s

running (0m12.0s), 079/200 VUs, 500 complete and 0 interrupted iterations
inscription_peak   [  10% ] 079/200 VUs  0m12.0s/2m00.0s

running (0m13.0s), 086/200 VUs, 577 complete and 0 interrupted iterations
inscription_peak   [  11% ] 086/200 VUs  0m13.0s/2m00.0s

running (0m14.0s), 093/200 VUs, 651 complete and 0 interrupted iterations
inscription_peak   [  12% ] 093/200 VUs  0m14.0s/2m00.0s

running (0m15.0s), 099/200 VUs, 732 complete and 0 interrupted iterations
inscription_peak   [  12% ] 099/200 VUs  0m15.0s/2m00.0s

running (0m16.0s), 106/200 VUs, 814 complete and 0 interrupted iterations
inscription_peak   [  13% ] 106/200 VUs  0m16.0s/2m00.0s

running (0m17.0s), 113/200 VUs, 906 complete and 0 interrupted iterations
inscription_peak   [  14% ] 113/200 VUs  0m17.0s/2m00.0s

running (0m18.0s), 119/200 VUs, 950 complete and 0 interrupted iterations
inscription_peak   [  15% ] 119/200 VUs  0m18.0s/2m00.0s

running (0m19.0s), 126/200 VUs, 1043 complete and 0 interrupted iterations
inscription_peak   [  16% ] 126/200 VUs  0m19.0s/2m00.0s

running (0m20.0s), 133/200 VUs, 1119 complete and 0 interrupted iterations
inscription_peak   [  17% ] 133/200 VUs  0m20.0s/2m00.0s

running (0m21.0s), 139/200 VUs, 1204 complete and 0 interrupted iterations
inscription_peak   [  17% ] 139/200 VUs  0m21.0s/2m00.0s

running (0m22.0s), 146/200 VUs, 1285 complete and 0 interrupted iterations
inscription_peak   [  18% ] 146/200 VUs  0m22.0s/2m00.0s

running (0m23.0s), 153/200 VUs, 1360 complete and 0 interrupted iterations
inscription_peak   [  19% ] 153/200 VUs  0m23.0s/2m00.0s

running (0m24.0s), 159/200 VUs, 1445 complete and 0 interrupted iterations
inscription_peak   [  20% ] 159/200 VUs  0m24.0s/2m00.0s

running (0m25.0s), 166/200 VUs, 1629 complete and 0 interrupted iterations
inscription_peak   [  21% ] 166/200 VUs  0m25.0s/2m00.0s

running (0m26.0s), 173/200 VUs, 1711 complete and 0 interrupted iterations
inscription_peak   [  22% ] 173/200 VUs  0m26.0s/2m00.0s

running (0m27.0s), 179/200 VUs, 1750 complete and 0 interrupted iterations
inscription_peak   [  22% ] 179/200 VUs  0m27.0s/2m00.0s

running (0m28.0s), 186/200 VUs, 1808 complete and 0 interrupted iterations
inscription_peak   [  23% ] 186/200 VUs  0m28.0s/2m00.0s

running (0m29.0s), 193/200 VUs, 1955 complete and 0 interrupted iterations
inscription_peak   [  24% ] 193/200 VUs  0m29.0s/2m00.0s

running (0m30.0s), 199/200 VUs, 2027 complete and 0 interrupted iterations
inscription_peak   [  25% ] 199/200 VUs  0m30.0s/2m00.0s

running (0m31.0s), 200/200 VUs, 2100 complete and 0 interrupted iterations
inscription_peak   [  26% ] 200/200 VUs  0m31.0s/2m00.0s

running (0m32.0s), 200/200 VUs, 2167 complete and 0 interrupted iterations
inscription_peak   [  27% ] 200/200 VUs  0m32.0s/2m00.0s

running (0m33.0s), 200/200 VUs, 2245 complete and 0 interrupted iterations
inscription_peak   [  27% ] 200/200 VUs  0m33.0s/2m00.0s

running (0m34.0s), 200/200 VUs, 2325 complete and 0 interrupted iterations
inscription_peak   [  28% ] 200/200 VUs  0m34.0s/2m00.0s

running (0m35.0s), 200/200 VUs, 2401 complete and 0 interrupted iterations
inscription_peak   [  29% ] 200/200 VUs  0m35.0s/2m00.0s

running (0m36.0s), 200/200 VUs, 2490 complete and 0 interrupted iterations
inscription_peak   [  30% ] 200/200 VUs  0m36.0s/2m00.0s

running (0m37.0s), 200/200 VUs, 2505 complete and 0 interrupted iterations
inscription_peak   [  31% ] 200/200 VUs  0m37.0s/2m00.0s

running (0m38.0s), 200/200 VUs, 2576 complete and 0 interrupted iterations
inscription_peak   [  32% ] 200/200 VUs  0m38.0s/2m00.0s

running (0m39.0s), 200/200 VUs, 2667 complete and 0 interrupted iterations
inscription_peak   [  32% ] 200/200 VUs  0m39.0s/2m00.0s

running (0m40.0s), 200/200 VUs, 2734 complete and 0 interrupted iterations
inscription_peak   [  33% ] 200/200 VUs  0m40.0s/2m00.0s

running (0m41.0s), 200/200 VUs, 2822 complete and 0 interrupted iterations
inscription_peak   [  34% ] 200/200 VUs  0m41.0s/2m00.0s

running (0m42.0s), 200/200 VUs, 2860 complete and 0 interrupted iterations
inscription_peak   [  35% ] 200/200 VUs  0m42.0s/2m00.0s

running (0m43.0s), 200/200 VUs, 2950 complete and 0 interrupted iterations
inscription_peak   [  36% ] 200/200 VUs  0m43.0s/2m00.0s

running (0m44.0s), 200/200 VUs, 3044 complete and 0 interrupted iterations
inscription_peak   [  37% ] 200/200 VUs  0m44.0s/2m00.0s

running (0m45.0s), 200/200 VUs, 3100 complete and 0 interrupted iterations
inscription_peak   [  37% ] 200/200 VUs  0m45.0s/2m00.0s

running (0m46.0s), 200/200 VUs, 3274 complete and 0 interrupted iterations
inscription_peak   [  38% ] 200/200 VUs  0m46.0s/2m00.0s

running (0m47.0s), 200/200 VUs, 3440 complete and 0 interrupted iterations
inscription_peak   [  39% ] 200/200 VUs  0m47.0s/2m00.0s

running (0m48.0s), 200/200 VUs, 3537 complete and 0 interrupted iterations
inscription_peak   [  40% ] 200/200 VUs  0m48.0s/2m00.0s

running (0m49.0s), 200/200 VUs, 3624 complete and 0 interrupted iterations
inscription_peak   [  41% ] 200/200 VUs  0m49.0s/2m00.0s

running (0m50.0s), 200/200 VUs, 3708 complete and 0 interrupted iterations
inscription_peak   [  42% ] 200/200 VUs  0m50.0s/2m00.0s

running (0m51.0s), 200/200 VUs, 3781 complete and 0 interrupted iterations
inscription_peak   [  42% ] 200/200 VUs  0m51.0s/2m00.0s

running (0m52.0s), 200/200 VUs, 3863 complete and 0 interrupted iterations
inscription_peak   [  43% ] 200/200 VUs  0m52.0s/2m00.0s

running (0m53.0s), 200/200 VUs, 3971 complete and 0 interrupted iterations
inscription_peak   [  44% ] 200/200 VUs  0m53.0s/2m00.0s

running (0m54.0s), 200/200 VUs, 4036 complete and 0 interrupted iterations
inscription_peak   [  45% ] 200/200 VUs  0m54.0s/2m00.0s

running (0m55.0s), 200/200 VUs, 4228 complete and 0 interrupted iterations
inscription_peak   [  46% ] 200/200 VUs  0m55.0s/2m00.0s

running (0m56.0s), 200/200 VUs, 4310 complete and 0 interrupted iterations
inscription_peak   [  47% ] 200/200 VUs  0m56.0s/2m00.0s

running (0m57.0s), 200/200 VUs, 4396 complete and 0 interrupted iterations
inscription_peak   [  47% ] 200/200 VUs  0m57.0s/2m00.0s

running (0m58.0s), 200/200 VUs, 4484 complete and 0 interrupted iterations
inscription_peak   [  48% ] 200/200 VUs  0m58.0s/2m00.0s

running (0m59.0s), 200/200 VUs, 4575 complete and 0 interrupted iterations
inscription_peak   [  49% ] 200/200 VUs  0m59.0s/2m00.0s

running (1m00.0s), 200/200 VUs, 4674 complete and 0 interrupted iterations
inscription_peak   [  50% ] 200/200 VUs  1m00.0s/2m00.0s

running (1m01.0s), 200/200 VUs, 4761 complete and 0 interrupted iterations
inscription_peak   [  51% ] 200/200 VUs  1m01.0s/2m00.0s

running (1m02.0s), 200/200 VUs, 4846 complete and 0 interrupted iterations
inscription_peak   [  52% ] 200/200 VUs  1m02.0s/2m00.0s

running (1m03.0s), 200/200 VUs, 4927 complete and 0 interrupted iterations
inscription_peak   [  52% ] 200/200 VUs  1m03.0s/2m00.0s

running (1m04.0s), 200/200 VUs, 5006 complete and 0 interrupted iterations
inscription_peak   [  53% ] 200/200 VUs  1m04.0s/2m00.0s

running (1m05.0s), 200/200 VUs, 5085 complete and 0 interrupted iterations
inscription_peak   [  54% ] 200/200 VUs  1m05.0s/2m00.0s

running (1m06.0s), 200/200 VUs, 5153 complete and 0 interrupted iterations
inscription_peak   [  55% ] 200/200 VUs  1m06.0s/2m00.0s

running (1m07.0s), 200/200 VUs, 5228 complete and 0 interrupted iterations
inscription_peak   [  56% ] 200/200 VUs  1m07.0s/2m00.0s

running (1m08.0s), 200/200 VUs, 5344 complete and 0 interrupted iterations
inscription_peak   [  57% ] 200/200 VUs  1m08.0s/2m00.0s

running (1m09.0s), 200/200 VUs, 5415 complete and 0 interrupted iterations
inscription_peak   [  57% ] 200/200 VUs  1m09.0s/2m00.0s

running (1m10.0s), 200/200 VUs, 5473 complete and 0 interrupted iterations
inscription_peak   [  58% ] 200/200 VUs  1m10.0s/2m00.0s

running (1m11.0s), 200/200 VUs, 5551 complete and 0 interrupted iterations
inscription_peak   [  59% ] 200/200 VUs  1m11.0s/2m00.0s

running (1m12.0s), 200/200 VUs, 5601 complete and 0 interrupted iterations
inscription_peak   [  60% ] 200/200 VUs  1m12.0s/2m00.0s

running (1m13.0s), 200/200 VUs, 5658 complete and 0 interrupted iterations
inscription_peak   [  61% ] 200/200 VUs  1m13.0s/2m00.0s

running (1m14.0s), 200/200 VUs, 5750 complete and 0 interrupted iterations
inscription_peak   [  62% ] 200/200 VUs  1m14.0s/2m00.0s

running (1m15.0s), 200/200 VUs, 5890 complete and 0 interrupted iterations
inscription_peak   [  62% ] 200/200 VUs  1m15.0s/2m00.0s

running (1m16.0s), 200/200 VUs, 6011 complete and 0 interrupted iterations
inscription_peak   [  63% ] 200/200 VUs  1m16.0s/2m00.0s

running (1m17.0s), 200/200 VUs, 6233 complete and 0 interrupted iterations
inscription_peak   [  64% ] 200/200 VUs  1m17.0s/2m00.0s

running (1m18.0s), 200/200 VUs, 6339 complete and 0 interrupted iterations
inscription_peak   [  65% ] 200/200 VUs  1m18.0s/2m00.0s

running (1m19.0s), 200/200 VUs, 6425 complete and 0 interrupted iterations
inscription_peak   [  66% ] 200/200 VUs  1m19.0s/2m00.0s

running (1m20.0s), 200/200 VUs, 6507 complete and 0 interrupted iterations
inscription_peak   [  67% ] 200/200 VUs  1m20.0s/2m00.0s

running (1m21.0s), 200/200 VUs, 6595 complete and 0 interrupted iterations
inscription_peak   [  67% ] 200/200 VUs  1m21.0s/2m00.0s

running (1m22.0s), 200/200 VUs, 6659 complete and 0 interrupted iterations
inscription_peak   [  68% ] 200/200 VUs  1m22.0s/2m00.0s

running (1m23.0s), 200/200 VUs, 6701 complete and 0 interrupted iterations
inscription_peak   [  69% ] 200/200 VUs  1m23.0s/2m00.0s

running (1m24.0s), 200/200 VUs, 6792 complete and 0 interrupted iterations
inscription_peak   [  70% ] 200/200 VUs  1m24.0s/2m00.0s

running (1m25.0s), 200/200 VUs, 6984 complete and 0 interrupted iterations
inscription_peak   [  71% ] 200/200 VUs  1m25.0s/2m00.0s

running (1m26.0s), 200/200 VUs, 7134 complete and 0 interrupted iterations
inscription_peak   [  72% ] 200/200 VUs  1m26.0s/2m00.0s

running (1m27.0s), 200/200 VUs, 7204 complete and 0 interrupted iterations
inscription_peak   [  72% ] 200/200 VUs  1m27.0s/2m00.0s

running (1m28.0s), 200/200 VUs, 7263 complete and 0 interrupted iterations
inscription_peak   [  73% ] 200/200 VUs  1m28.0s/2m00.0s

running (1m29.0s), 200/200 VUs, 7341 complete and 0 interrupted iterations
inscription_peak   [  74% ] 200/200 VUs  1m29.0s/2m00.0s

running (1m30.0s), 200/200 VUs, 7414 complete and 0 interrupted iterations
inscription_peak   [  75% ] 200/200 VUs  1m30.0s/2m00.0s

running (1m31.0s), 200/200 VUs, 7498 complete and 0 interrupted iterations
inscription_peak   [  76% ] 200/200 VUs  1m31.0s/2m00.0s

running (1m32.0s), 197/200 VUs, 7578 complete and 0 interrupted iterations
inscription_peak   [  77% ] 197/200 VUs  1m32.0s/2m00.0s

running (1m33.0s), 188/200 VUs, 7668 complete and 0 interrupted iterations
inscription_peak   [  77% ] 188/200 VUs  1m33.0s/2m00.0s

running (1m34.0s), 186/200 VUs, 7738 complete and 0 interrupted iterations
inscription_peak   [  78% ] 186/200 VUs  1m34.0s/2m00.0s

running (1m35.0s), 175/200 VUs, 7822 complete and 0 interrupted iterations
inscription_peak   [  79% ] 175/200 VUs  1m35.0s/2m00.0s

running (1m36.0s), 169/200 VUs, 7903 complete and 0 interrupted iterations
inscription_peak   [  80% ] 169/200 VUs  1m36.0s/2m00.0s

running (1m37.0s), 160/200 VUs, 8033 complete and 0 interrupted iterations
inscription_peak   [  81% ] 160/200 VUs  1m37.0s/2m00.0s

running (1m38.0s), 154/200 VUs, 8101 complete and 0 interrupted iterations
inscription_peak   [  82% ] 154/200 VUs  1m38.0s/2m00.0s

running (1m39.0s), 149/200 VUs, 8181 complete and 0 interrupted iterations
inscription_peak   [  82% ] 149/200 VUs  1m39.0s/2m00.0s

running (1m40.0s), 142/200 VUs, 8285 complete and 0 interrupted iterations
inscription_peak   [  83% ] 142/200 VUs  1m40.0s/2m00.0s

running (1m41.0s), 139/200 VUs, 8350 complete and 0 interrupted iterations
inscription_peak   [  84% ] 139/200 VUs  1m41.0s/2m00.0s

running (1m42.0s), 130/200 VUs, 8425 complete and 0 interrupted iterations
inscription_peak   [  85% ] 130/200 VUs  1m42.0s/2m00.0s

running (1m43.0s), 124/200 VUs, 8478 complete and 0 interrupted iterations
inscription_peak   [  86% ] 124/200 VUs  1m43.0s/2m00.0s

running (1m44.0s), 116/200 VUs, 8570 complete and 0 interrupted iterations
inscription_peak   [  87% ] 116/200 VUs  1m44.0s/2m00.0s

running (1m45.0s), 104/200 VUs, 8666 complete and 0 interrupted iterations
inscription_peak   [  87% ] 104/200 VUs  1m45.0s/2m00.0s

running (1m46.0s), 098/200 VUs, 8755 complete and 0 interrupted iterations
inscription_peak   [  88% ] 098/200 VUs  1m46.0s/2m00.0s

running (1m47.0s), 091/200 VUs, 8884 complete and 0 interrupted iterations
inscription_peak   [  89% ] 091/200 VUs  1m47.0s/2m00.0s

running (1m48.0s), 085/200 VUs, 8938 complete and 0 interrupted iterations
inscription_peak   [  90% ] 085/200 VUs  1m48.0s/2m00.0s

running (1m49.0s), 081/200 VUs, 8983 complete and 0 interrupted iterations
inscription_peak   [  91% ] 081/200 VUs  1m49.0s/2m00.0s

running (1m50.0s), 081/200 VUs, 8984 complete and 0 interrupted iterations
inscription_peak   [  92% ] 081/200 VUs  1m50.0s/2m00.0s

running (1m51.0s), 071/200 VUs, 9045 complete and 0 interrupted iterations
inscription_peak   [  92% ] 071/200 VUs  1m51.0s/2m00.0s

running (1m52.0s), 058/200 VUs, 9118 complete and 0 interrupted iterations
inscription_peak   [  93% ] 058/200 VUs  1m52.0s/2m00.0s

running (1m53.0s), 053/200 VUs, 9153 complete and 0 interrupted iterations
inscription_peak   [  94% ] 053/200 VUs  1m53.0s/2m00.0s

running (1m54.0s), 051/200 VUs, 9159 complete and 0 interrupted iterations
inscription_peak   [  95% ] 051/200 VUs  1m54.0s/2m00.0s

running (1m55.0s), 037/200 VUs, 9240 complete and 0 interrupted iterations
inscription_peak   [  96% ] 037/200 VUs  1m55.0s/2m00.0s

running (1m56.0s), 037/200 VUs, 9240 complete and 0 interrupted iterations
inscription_peak   [  97% ] 037/200 VUs  1m56.0s/2m00.0s

running (1m57.0s), 035/200 VUs, 9244 complete and 0 interrupted iterations
inscription_peak   [  97% ] 035/200 VUs  1m57.0s/2m00.0s

running (1m58.0s), 018/200 VUs, 9283 complete and 0 interrupted iterations
inscription_peak   [  98% ] 018/200 VUs  1m58.0s/2m00.0s

running (1m59.0s), 018/200 VUs, 9284 complete and 0 interrupted iterations
inscription_peak   [  99% ] 018/200 VUs  1m59.0s/2m00.0s

running (2m00.0s), 003/200 VUs, 9303 complete and 0 interrupted iterations
inscription_peak   [ 100% ] 003/200 VUs  2m00.0s/2m00.0s


  █ THRESHOLDS 

    http_req_duration
    ✗ 'p(95)<2000' p(95)=4.29s

    http_req_failed
    ✗ 'rate<0.05' rate=26.56%


  █ TOTAL RESULTS 

    checks_total.......: 9306   77.491255/s
    checks_succeeded...: 73.43% 6834 out of 9306
    checks_failed......: 26.56% 2472 out of 9306

    ✓ status is 200
    ✗ created 201
      ↳  11% — ✓ 332 / ✗ 2472

    HTTP
    http_req_duration..............: avg=1.45s min=3.5ms    med=1.19s max=12.34s p(90)=3.41s p(95)=4.29s
      { expected_response:true }...: avg=1.41s min=4.26ms   med=1.1s  max=11.45s p(90)=3.4s  p(95)=4.28s
    http_req_failed................: 26.56% 2472 out of 9306
    http_reqs......................: 9306   77.491255/s

    EXECUTION
    iteration_duration.............: avg=1.95s min=504.02ms med=1.69s max=12.84s p(90)=3.91s p(95)=4.79s
    iterations.....................: 9306   77.491255/s
    vus............................: 3      min=3            max=200
    vus_max........................: 200    min=200          max=200

    NETWORK
    data_received..................: 12 MB  103 kB/s
    data_sent......................: 1.4 MB 12 kB/s




running (2m00.1s), 000/200 VUs, 9306 complete and 0 interrupted iterations
inscription_peak ✓ [ 100% ] 000/200 VUs  2m0s
time="2026-02-15T19:43:58Z" level=error msg="thresholds on metrics 'http_req_duration, http_req_failed' have been crossed"
