
         /\      Grafana   /‾‾/  
    /\  /  \     |\  __   /  /   
   /  \/    \    | |/ /  /   ‾‾\ 
  /          \   |   (  |  (‾)  |
 / __________ \  |_|\_\  \_____/ 

     execution: local
        script: k6/c2-inscriptions.js
        output: json (results/s2/c2/run1_20260215_195749.json)

     scenarios: (100.00%) 1 scenario, 200 max VUs, 2m30s max duration (incl. graceful stop):
              * inscription_peak: Up to 200 looping VUs for 2m0s over 3 stages (gracefulRampDown: 30s, gracefulStop: 30s)


running (0m01.0s), 006/200 VUs, 2 complete and 0 interrupted iterations
inscription_peak   [   1% ] 006/200 VUs  0m01.0s/2m00.0s

running (0m02.0s), 013/200 VUs, 14 complete and 0 interrupted iterations
inscription_peak   [   2% ] 013/200 VUs  0m02.0s/2m00.0s

running (0m03.0s), 019/200 VUs, 42 complete and 0 interrupted iterations
inscription_peak   [   2% ] 019/200 VUs  0m03.0s/2m00.0s

running (0m04.0s), 026/200 VUs, 83 complete and 0 interrupted iterations
inscription_peak   [   3% ] 026/200 VUs  0m04.0s/2m00.0s

running (0m05.0s), 033/200 VUs, 138 complete and 0 interrupted iterations
inscription_peak   [   4% ] 033/200 VUs  0m05.0s/2m00.0s

running (0m06.0s), 039/200 VUs, 204 complete and 0 interrupted iterations
inscription_peak   [   5% ] 039/200 VUs  0m06.0s/2m00.0s

running (0m07.0s), 046/200 VUs, 221 complete and 0 interrupted iterations
inscription_peak   [   6% ] 046/200 VUs  0m07.0s/2m00.0s

running (0m08.0s), 053/200 VUs, 270 complete and 0 interrupted iterations
inscription_peak   [   7% ] 053/200 VUs  0m08.0s/2m00.0s

running (0m09.0s), 059/200 VUs, 281 complete and 0 interrupted iterations
inscription_peak   [   7% ] 059/200 VUs  0m09.0s/2m00.0s

running (0m10.0s), 066/200 VUs, 287 complete and 0 interrupted iterations
inscription_peak   [   8% ] 066/200 VUs  0m10.0s/2m00.0s

running (0m11.0s), 073/200 VUs, 364 complete and 0 interrupted iterations
inscription_peak   [   9% ] 073/200 VUs  0m11.0s/2m00.0s

running (0m12.0s), 079/200 VUs, 364 complete and 0 interrupted iterations
inscription_peak   [  10% ] 079/200 VUs  0m12.0s/2m00.0s

running (0m13.0s), 086/200 VUs, 455 complete and 0 interrupted iterations
inscription_peak   [  11% ] 086/200 VUs  0m13.0s/2m00.0s

running (0m14.0s), 093/200 VUs, 461 complete and 0 interrupted iterations
inscription_peak   [  12% ] 093/200 VUs  0m14.0s/2m00.0s

running (0m15.0s), 099/200 VUs, 541 complete and 0 interrupted iterations
inscription_peak   [  12% ] 099/200 VUs  0m15.0s/2m00.0s

running (0m16.0s), 106/200 VUs, 671 complete and 0 interrupted iterations
inscription_peak   [  13% ] 106/200 VUs  0m16.0s/2m00.0s

running (0m17.0s), 113/200 VUs, 745 complete and 0 interrupted iterations
inscription_peak   [  14% ] 113/200 VUs  0m17.0s/2m00.0s

running (0m18.0s), 119/200 VUs, 767 complete and 0 interrupted iterations
inscription_peak   [  15% ] 119/200 VUs  0m18.0s/2m00.0s

running (0m19.0s), 126/200 VUs, 877 complete and 0 interrupted iterations
inscription_peak   [  16% ] 126/200 VUs  0m19.0s/2m00.0s

running (0m20.0s), 133/200 VUs, 1031 complete and 0 interrupted iterations
inscription_peak   [  17% ] 133/200 VUs  0m20.0s/2m00.0s

running (0m21.0s), 139/200 VUs, 1112 complete and 0 interrupted iterations
inscription_peak   [  17% ] 139/200 VUs  0m21.0s/2m00.0s

running (0m22.0s), 146/200 VUs, 1255 complete and 0 interrupted iterations
inscription_peak   [  18% ] 146/200 VUs  0m22.0s/2m00.0s

running (0m23.0s), 153/200 VUs, 1349 complete and 0 interrupted iterations
inscription_peak   [  19% ] 153/200 VUs  0m23.0s/2m00.0s

running (0m24.0s), 159/200 VUs, 1509 complete and 0 interrupted iterations
inscription_peak   [  20% ] 159/200 VUs  0m24.0s/2m00.0s

running (0m25.0s), 166/200 VUs, 1658 complete and 0 interrupted iterations
inscription_peak   [  21% ] 166/200 VUs  0m25.0s/2m00.0s

running (0m26.0s), 173/200 VUs, 1702 complete and 0 interrupted iterations
inscription_peak   [  22% ] 173/200 VUs  0m26.0s/2m00.0s

running (0m27.0s), 179/200 VUs, 1836 complete and 0 interrupted iterations
inscription_peak   [  22% ] 179/200 VUs  0m27.0s/2m00.0s

running (0m28.0s), 186/200 VUs, 1955 complete and 0 interrupted iterations
inscription_peak   [  23% ] 186/200 VUs  0m28.0s/2m00.0s

running (0m29.0s), 193/200 VUs, 2058 complete and 0 interrupted iterations
inscription_peak   [  24% ] 193/200 VUs  0m29.0s/2m00.0s

running (0m30.0s), 199/200 VUs, 2161 complete and 0 interrupted iterations
inscription_peak   [  25% ] 199/200 VUs  0m30.0s/2m00.0s

running (0m31.0s), 200/200 VUs, 2305 complete and 0 interrupted iterations
inscription_peak   [  26% ] 200/200 VUs  0m31.0s/2m00.0s

running (0m32.0s), 200/200 VUs, 2378 complete and 0 interrupted iterations
inscription_peak   [  27% ] 200/200 VUs  0m32.0s/2m00.0s

running (0m33.0s), 200/200 VUs, 2475 complete and 0 interrupted iterations
inscription_peak   [  27% ] 200/200 VUs  0m33.0s/2m00.0s

running (0m34.0s), 200/200 VUs, 2535 complete and 0 interrupted iterations
inscription_peak   [  28% ] 200/200 VUs  0m34.0s/2m00.0s

running (0m35.0s), 200/200 VUs, 2619 complete and 0 interrupted iterations
inscription_peak   [  29% ] 200/200 VUs  0m35.0s/2m00.0s

running (0m36.0s), 200/200 VUs, 2692 complete and 0 interrupted iterations
inscription_peak   [  30% ] 200/200 VUs  0m36.0s/2m00.0s

running (0m37.0s), 200/200 VUs, 2752 complete and 0 interrupted iterations
inscription_peak   [  31% ] 200/200 VUs  0m37.0s/2m00.0s

running (0m38.0s), 200/200 VUs, 2819 complete and 0 interrupted iterations
inscription_peak   [  32% ] 200/200 VUs  0m38.0s/2m00.0s

running (0m39.0s), 200/200 VUs, 2881 complete and 0 interrupted iterations
inscription_peak   [  32% ] 200/200 VUs  0m39.0s/2m00.0s

running (0m40.0s), 200/200 VUs, 2951 complete and 0 interrupted iterations
inscription_peak   [  33% ] 200/200 VUs  0m40.0s/2m00.0s

running (0m41.0s), 200/200 VUs, 2979 complete and 0 interrupted iterations
inscription_peak   [  34% ] 200/200 VUs  0m41.0s/2m00.0s

running (0m42.0s), 200/200 VUs, 3059 complete and 0 interrupted iterations
inscription_peak   [  35% ] 200/200 VUs  0m42.0s/2m00.0s

running (0m43.0s), 200/200 VUs, 3122 complete and 0 interrupted iterations
inscription_peak   [  36% ] 200/200 VUs  0m43.0s/2m00.0s

running (0m44.0s), 200/200 VUs, 3206 complete and 0 interrupted iterations
inscription_peak   [  37% ] 200/200 VUs  0m44.0s/2m00.0s

running (0m45.0s), 200/200 VUs, 3277 complete and 0 interrupted iterations
inscription_peak   [  37% ] 200/200 VUs  0m45.0s/2m00.0s

running (0m46.0s), 200/200 VUs, 3351 complete and 0 interrupted iterations
inscription_peak   [  38% ] 200/200 VUs  0m46.0s/2m00.0s

running (0m47.0s), 200/200 VUs, 3424 complete and 0 interrupted iterations
inscription_peak   [  39% ] 200/200 VUs  0m47.0s/2m00.0s
